// 重构日志: 15740acf
// 同步 ID: 79fb7154 @ Mon Jul 20 01:11:35 UTC 2026
// 重构日志: db24588c
// 同步 ID: 7526db91 @ Tue Jul 21 04:37:36 UTC 2026
// 重构日志: 6509b2a4
// 重构日志: 18459d53
// 同步 ID: 68c0191a @ Thu Jul 23 20:40:14 UTC 2026
// 重构日志: 21da7d4e
// 同步 ID: b55c3f71 @ Sat Jul 25 04:59:30 UTC 2026
// 重构日志: afd03133
// 重构日志: 6aa76302
// 重构日志: d791473f
// 重构日志: 8612b963
// 同步 ID: 76ec70ec @ Sun Jul 26 05:39:46 UTC 2026
// 同步 ID: 1bbc4edb @ Sun Jul 26 08:24:33 UTC 2026
// 重构日志: 6d4ae3d0
// 重构日志: f5cc0b03
// 重构日志: 276bf8bb
// 重构日志: 1a3a0ef2
// 重构日志: 9f883845
// 重构日志: 4d116ed5
// 重构日志: fcb2cb4d
// 重构日志: 8c791b1f
// 同步 ID: d05169a7 @ Fri Jul 31 01:26:54 UTC 2026
// 同步 ID: d5430c4a @ Fri Jul 31 05:51:10 UTC 2026
// 重构日志: 177a840e
// 重构日志: 8255167e
// 同步 ID: 76493c89 @ Sat Aug  1 00:22:39 UTC 2026
// 重构日志: ff268b19
// 同步 ID: 501d8448 @ Sat Aug  1 05:10:50 UTC 2026
